Mono path[0] = '~/repos/Funstra/Build/PressureEscape/Funstra_Data/Managed'
Mono config path = '~/repos/Funstra/Build/PressureEscape/MonoBleedingEdge/etc'
CodeReloadManager initialized
Input System module state changed to: Initialized.
[Physics::Module] Initialized fallback backend.
[Physics::Module] Id: 0xdecafbad
Initialize engine version: 6000.4.0f1 (8cf496087c8f)
[Subsystems] Discovering subsystems at path ~/repos/Funstra/Build/PressureEscape/Funstra_Data/UnitySubsystems
[D3D12 Device Filter] Vendor Name: NVIDIA
[D3D12 Device Filter] Device Name: NVIDIA GeForce RTX 4090
[D3D12 Device Filter] Driver Version: 32.0.15.9597
[D3D12 Device Filter] Feature Level: 12.2
[D3D12 Device Filter] Graphics Memory: 24138 MB
[D3D12 Device Filter] Processor Count: 32
[D3D12 Device Filter] Device Type: Discrete
GfxDevice: creating device client; kGfxThreadingModeClientWorkerJobs
Direct3D:
    Version:  Direct3D 11.0 [level 11.1]
    Renderer: NVIDIA GeForce RTX 4090 (ID=0x2684)
    Vendor:   NVIDIA
    VRAM:     24138 MB
    Driver:   32.0.15.9597
Begin MonoManager ReloadAssembly
- Finished resetting the current domain, in  0.001 seconds
[Physics::Module] Selected backend.
[Physics::Module] Name: PhysX
[Physics::Module] Id: 0xf2b8ea05
[Physics::Module] SDK Version: 4.1.2
[Physics::Module] Integration Version: 1.0.0
[Physics::Module] Threading Mode: Multi-Threaded
<RI> Initializing input.
<RI> Input initialized.
UnloadTime: 0.474900 ms
CHECK: Tactical pause freezes full roster, damage and search while ammunition stays inspectable
CHECK: Exposed normal-health player is defeated by live nine-officer fire
CHECK: Actual defeat provides recovery and clears immediate reinforcements
CHECK: Fresh street defeat describes actual losses without inventing a medical shipment
CHECK: Navigable route to (45.00, 0.00, -13.00)
CHECK: Controller arrived beside interaction at (45.00, 0.00, -13.00)
CHECK: Navigable route to (45.00, 0.00, -39.00)
CHECK: Controller arrived beside interaction at (45.00, 0.00, -39.00)
CHECK: Navigable route to (8.00, 0.00, -39.00)
CHECK: Controller arrived beside interaction at (8.00, 0.00, -39.00)
CHECK: Ordinary-health player withdraws around two corners using the production controller
CHECK: Escape uses a carried bandage to stop actual bleeding
CHECK: Escape save/reload preserves the full responding roster
CHECK: Navigable route to (-7.00, 0.00, -39.00)
System.Exception: Movement blocked at (-7.82, 0.03, -39.32) toward (-7.00, 0.00, -39.00)
  at Funstra.FunstraGame+<Travel>d__372.MoveNext () [0x00120] in <36f84ce91d57435eaf290d161b4a6651>:0 
  at Funstra.FunstraGame+<SmokeRun>d__365.MoveNext () [0x00190] in <36f84ce91d57435eaf290d161b4a6651>:0 
[Physics::Module] Cleanup current backend.
[Physics::Module] Id: 0xf2b8ea05
Input System module state changed to: ShutdownInProgress.
Input Polling Thread exited.
Input System module state changed to: Shutdown.
CodeReloadManager destroyed
