Mono path[0] = '~/repos/Funstra/Build/PressureEscape/Funstra_Data/Managed'
Mono config path = '~/repos/Funstra/Build/PressureEscape/MonoBleedingEdge/etc'
CodeReloadManager initialized
Input System module state changed to: Initialized.
[Physics::Module] Initialized fallback backend.
[Physics::Module] Id: 0xdecafbad
Initialize engine version: 6000.4.0f1 (8cf496087c8f)
[Subsystems] Discovering subsystems at path ~/repos/Funstra/Build/PressureEscape/Funstra_Data/UnitySubsystems
[D3D12 Device Filter] Vendor Name: NVIDIA
[D3D12 Device Filter] Device Name: NVIDIA GeForce RTX 4090
[D3D12 Device Filter] Driver Version: 32.0.15.9597
[D3D12 Device Filter] Feature Level: 12.2
[D3D12 Device Filter] Graphics Memory: 24138 MB
[D3D12 Device Filter] Processor Count: 32
[D3D12 Device Filter] Device Type: Discrete
GfxDevice: creating device client; kGfxThreadingModeClientWorkerJobs
Direct3D:
    Version:  Direct3D 11.0 [level 11.1]
    Renderer: NVIDIA GeForce RTX 4090 (ID=0x2684)
    Vendor:   NVIDIA
    VRAM:     24138 MB
    Driver:   32.0.15.9597
Begin MonoManager ReloadAssembly
- Finished resetting the current domain, in  0.001 seconds
[Physics::Module] Selected backend.
[Physics::Module] Name: PhysX
[Physics::Module] Id: 0xf2b8ea05
[Physics::Module] SDK Version: 4.1.2
[Physics::Module] Integration Version: 1.0.0
[Physics::Module] Threading Mode: Multi-Threaded
<RI> Initializing input.
<RI> Input initialized.
UnloadTime: 0.524500 ms
CHECK: Pressure route uses isolated normal campaign and forced mute
CHECK: Actual witnessed player projectiles injure a resident and request both reinforcement trucks
CHECK: Normal live dispatch delivers all six reinforcements while combat and traffic run
CHECK: Every one of the nine officers fires through the live combat loop
CHECK: Sustained collective fire includes real finite-magazine reloads from at least six officers
CHECK: Collective projectile fire deals more than a normal player's full health in stress fixture
CHECK: At least three officers exhaust ammunition; all nine conserve their finite supply without replenishment
CHECK: Only this muted Funstra player runs during pressure measurement
CHECK: Tactical pause freezes full roster, damage and search while ammunition stays inspectable
CHECK: Exposed normal-health player is defeated by live nine-officer fire
CHECK: Actual defeat provides recovery and clears immediate reinforcements
CHECK: Fresh street defeat describes actual losses without inventing a medical shipment
CHECK: Navigable route to (45.00, 0.00, -13.00)
CHECK: Controller arrived beside interaction at (45.00, 0.00, -13.00)
CHECK: Navigable route to (45.00, 0.00, -39.00)
CHECK: Controller arrived beside interaction at (45.00, 0.00, -39.00)
CHECK: Navigable route to (8.00, 0.00, -39.00)
CHECK: Controller arrived beside interaction at (8.00, 0.00, -39.00)
CHECK: Ordinary-health player withdraws around two corners using the production controller
CHECK: Escape save/reload preserves the full responding roster
CHECK: Navigable route to (-45.00, 0.00, -39.00)
CHECK: Controller arrived beside interaction at (-45.00, 0.00, -39.00)
CHECK: Navigable route to (-45.00, 0.00, -13.00)
CHECK: Controller arrived beside interaction at (-45.00, 0.00, -13.00)
CHECK: Lost-contact search is readable and does not refresh coordinates without an officer sighting
CHECK: Unseen controller escape ends pursuit under normal health and arrest rules
CHECK: Navigable route to (-27.00, 0.00, -12.00)
CHECK: Controller arrived beside interaction at (-27.00, 0.00, -12.00)
CHECK: Return to clinic leaves a valid persisted campaign
CHECK: Crowded-door fixture finds clear real road and two walkable side exits
CHECK: Both occupied side doors keep the crew aboard without overlap or remote spawn
CHECK: Clearing only the alternate side deploys exactly one waiting officer
CHECK: Waiting officer emerges at the genuinely clear opposite door on walkable ground
CHECK: Deployment preserves the blocking person and valid finite roster
CHECK: Passing fixture finds a clear real street with room beside a stationary colleague
CHECK: Passing officer stays on shared walkable ground throughout movement
CHECK: Blocked officer steps sideways and progresses beyond the stationary colleague
CHECK: Passing keeps person separation without pushing the stationary colleague
CHECK: Empty-ammunition pursuit remains mobile without minting rounds
CHECK: Laden defeat reports each actual carried loss and preserves its recorded context
CHECK: Laden defeat still conserves a valid campaign
[Physics::Module] Cleanup current backend.
[Physics::Module] Id: 0xf2b8ea05
Input System module state changed to: ShutdownInProgress.
Input Polling Thread exited.
Input System module state changed to: Shutdown.
CodeReloadManager destroyed
