Mono path[0] = '~/repos/Funstra/Build/PressureEscape/Funstra_Data/Managed'
Mono config path = '~/repos/Funstra/Build/PressureEscape/MonoBleedingEdge/etc'
CodeReloadManager initialized
Input System module state changed to: Initialized.
[Physics::Module] Initialized fallback backend.
[Physics::Module] Id: 0xdecafbad
Initialize engine version: 6000.4.0f1 (8cf496087c8f)
[Subsystems] Discovering subsystems at path ~/repos/Funstra/Build/PressureEscape/Funstra_Data/UnitySubsystems
[D3D12 Device Filter] Vendor Name: NVIDIA
[D3D12 Device Filter] Device Name: NVIDIA GeForce RTX 4090
[D3D12 Device Filter] Driver Version: 32.0.15.9597
[D3D12 Device Filter] Feature Level: 12.2
[D3D12 Device Filter] Graphics Memory: 24138 MB
[D3D12 Device Filter] Processor Count: 32
[D3D12 Device Filter] Device Type: Discrete
GfxDevice: creating device client; kGfxThreadingModeClientWorkerJobs
Direct3D:
    Version:  Direct3D 11.0 [level 11.1]
    Renderer: NVIDIA GeForce RTX 4090 (ID=0x2684)
    Vendor:   NVIDIA
    VRAM:     24138 MB
    Driver:   32.0.15.9597
Begin MonoManager ReloadAssembly
- Finished resetting the current domain, in  0.001 seconds
[Physics::Module] Selected backend.
[Physics::Module] Name: PhysX
[Physics::Module] Id: 0xf2b8ea05
[Physics::Module] SDK Version: 4.1.2
[Physics::Module] Integration Version: 1.0.0
[Physics::Module] Threading Mode: Multi-Threaded
<RI> Initializing input.
<RI> Input initialized.
UnloadTime: 0.498100 ms
CHECK: Pressure route uses isolated normal campaign and forced mute
CHECK: Actual witnessed player projectiles injure a resident and request both reinforcement trucks
System.Exception: Normal live dispatch delivers all six reinforcements while combat and traffic run
  at Funstra.FunstraGame.Check (System.Boolean value, System.String message) [0x00003] in <5b04bc97551d4c0a9648af7b84547cf3>:0 
  at Funstra.FunstraGame+<PressureSteps>d__339.MoveNext () [0x00655] in <5b04bc97551d4c0a9648af7b84547cf3>:0 
  at Funstra.FunstraGame+<SmokeRun>d__364.MoveNext () [0x00190] in <5b04bc97551d4c0a9648af7b84547cf3>:0 
[Physics::Module] Cleanup current backend.
[Physics::Module] Id: 0xf2b8ea05
Input System module state changed to: ShutdownInProgress.
Input Polling Thread exited.
Input System module state changed to: Shutdown.
CodeReloadManager destroyed
